C:\Users\oy5248.ITEC>cd C:\appList

C:\appList>express JsApp

  warning: the default view engine will not be jade in future releases
  warning: use `--view=jade' or `--help' for additional options


   create : JsApp
   create : JsApp/package.json
   create : JsApp/app.js
   create : JsApp/public
   create : JsApp/routes
   create : JsApp/routes/index.js
   create : JsApp/routes/users.js
   create : JsApp/views
   create : JsApp/views/index.jade
   create : JsApp/views/layout.jade
   create : JsApp/views/error.jade
   create : JsApp/bin
   create : JsApp/bin/www
   create : JsApp/public/javascripts
   create : JsApp/public/images
   create : JsApp/public/stylesheets
   create : JsApp/public/stylesheets/style.css

   install dependencies:
     > cd JsApp && npm install

   run the app:
     > SET DEBUG=jsapp:* & npm start


C:\appList>cd C:\appList\JsApp

##################################
C:\appList\JsApp>npm install
npm WARN deprecated jade@1.11.0: Jade has been renamed to pug, please install the latest version of pug instead of jade
npm WARN deprecated transformers@2.1.0: Deprecated, use jstransformer
npm notice created a lockfile as package-lock.json. You should commit this file.
added 103 packages in 12.187s
##################################

C:\appList\JsApp>npm start

> jsapp@0.0.0 start C:\appList\JsApp
> node ./bin/www

GET / 200 1452.787 ms - 170
GET /stylesheets/style.css 200 3.893 ms - 111
GET /favicon.ico 404 21.087 ms - 975
